// Jest Snapshot v1, https://goo.gl/fbAQLP

exports[`Registration snapshot Registration render correctly 1`] = `
<div
  id="registration_main"
>
  <div
    id="registration_main__logo_images"
  >
    <img
      id="logo"
      src="JustDoLogo.png"
    />
    <img
      id="background_image"
      src="JustDoComponent.png"
    />
  </div>
  <div
    id="registration_main__components"
  >
    <h1>
      Sign up
    </h1>
    <div
      id="components__input_components"
    >
      <div
        className="input_components__text_input"
      >
        <div
          className="MuiFormControl-root"
          id="textInput__email"
        >
          <div
            className="MuiInputBase-root MuiInput-root MuiInput-underline MuiInputBase-formControl MuiInput-formControl"
            onClick={[Function]}
          >
            <input
              aria-invalid={false}
              className="MuiInputBase-input MuiInput-input"
              disabled={false}
              id="email_input"
              onAnimationStart={[Function]}
              onBlur={[Function]}
              onChange={[Function]}
              onFocus={[Function]}
              placeholder="E-mail"
              required={false}
              type="text"
              value=""
            />
          </div>
          <div
            id="errorMessage"
          />
        </div>
      </div>
      <div
        className="input_components__text_input"
      >
        <div
          className="MuiFormControl-root"
          id="textInput__passwordForm"
        >
          <div
            className="MuiInputBase-root MuiInput-root MuiInput-underline MuiInputBase-formControl MuiInput-formControl MuiInputBase-adornedEnd"
            onClick={[Function]}
          >
            <input
              aria-invalid={false}
              className="MuiInputBase-input MuiInput-input MuiInputBase-inputAdornedEnd"
              disabled={false}
              id="password_input"
              onAnimationStart={[Function]}
              onBlur={[Function]}
              onChange={[Function]}
              onFocus={[Function]}
              placeholder="Password"
              required={false}
              type="password"
              value=""
            />
            <div
              className="MuiInputAdornment-root MuiInputAdornment-positionEnd"
            >
              <button
                aria-label="toggle password visibility"
                className="MuiButtonBase-root MuiIconButton-root"
                disabled={false}
                id="passwordVisibility"
                onBlur={[Function]}
                onClick={[Function]}
                onDragLeave={[Function]}
                onFocus={[Function]}
                onKeyDown={[Function]}
                onKeyUp={[Function]}
                onMouseDown={[Function]}
                onMouseLeave={[Function]}
                onMouseUp={[Function]}
                onTouchEnd={[Function]}
                onTouchMove={[Function]}
                onTouchStart={[Function]}
                tabIndex={0}
                type="button"
              >
                <span
                  className="MuiIconButton-label"
                >
                  <svg
                    aria-hidden="true"
                    className="MuiSvgIcon-root"
                    focusable="false"
                    viewBox="0 0 24 24"
                  >
                    <path
                      d="M12 7c2.76 0 5 2.24 5 5 0 .65-.13 1.26-.36 1.83l2.92 2.92c1.51-1.26 2.7-2.89 3.43-4.75-1.73-4.39-6-7.5-11-7.5-1.4 0-2.74.25-3.98.7l2.16 2.16C10.74 7.13 11.35 7 12 7zM2 4.27l2.28 2.28.46.46C3.08 8.3 1.78 10.02 1 12c1.73 4.39 6 7.5 11 7.5 1.55 0 3.03-.3 4.38-.84l.42.42L19.73 22 21 20.73 3.27 3 2 4.27zM7.53 9.8l1.55 1.55c-.05.21-.08.43-.08.65 0 1.66 1.34 3 3 3 .22 0 .44-.03.65-.08l1.55 1.55c-.67.33-1.41.53-2.2.53-2.76 0-5-2.24-5-5 0-.79.2-1.53.53-2.2zm4.31-.78l3.15 3.15.02-.16c0-1.66-1.34-3-3-3l-.17.01z"
                    />
                  </svg>
                </span>
              </button>
            </div>
          </div>
          <div
            id="errorMessage"
          />
        </div>
      </div>
      <div
        className="input_components__text_input"
      >
        <div
          className="MuiFormControl-root"
          id="textInput__passwordConfirmForm"
        >
          <div
            className="MuiInputBase-root MuiInput-root MuiInput-underline MuiInputBase-formControl MuiInput-formControl MuiInputBase-adornedEnd"
            onClick={[Function]}
          >
            <input
              aria-invalid={false}
              className="MuiInputBase-input MuiInput-input MuiInputBase-inputAdornedEnd"
              disabled={false}
              id="password_confirm_input"
              onAnimationStart={[Function]}
              onBlur={[Function]}
              onChange={[Function]}
              onFocus={[Function]}
              placeholder="Confirm password"
              required={false}
              type="password"
              value=""
            />
            <div
              className="MuiInputAdornment-root MuiInputAdornment-positionEnd"
            >
              <button
                aria-label="toggle password visibility"
                className="MuiButtonBase-root MuiIconButton-root"
                disabled={false}
                id="confirmPasswordVisibility"
                onBlur={[Function]}
                onClick={[Function]}
                onDragLeave={[Function]}
                onFocus={[Function]}
                onKeyDown={[Function]}
                onKeyUp={[Function]}
                onMouseDown={[Function]}
                onMouseLeave={[Function]}
                onMouseUp={[Function]}
                onTouchEnd={[Function]}
                onTouchMove={[Function]}
                onTouchStart={[Function]}
                tabIndex={0}
                type="button"
              >
                <span
                  className="MuiIconButton-label"
                >
                  <svg
                    aria-hidden="true"
                    className="MuiSvgIcon-root"
                    focusable="false"
                    viewBox="0 0 24 24"
                  >
                    <path
                      d="M12 7c2.76 0 5 2.24 5 5 0 .65-.13 1.26-.36 1.83l2.92 2.92c1.51-1.26 2.7-2.89 3.43-4.75-1.73-4.39-6-7.5-11-7.5-1.4 0-2.74.25-3.98.7l2.16 2.16C10.74 7.13 11.35 7 12 7zM2 4.27l2.28 2.28.46.46C3.08 8.3 1.78 10.02 1 12c1.73 4.39 6 7.5 11 7.5 1.55 0 3.03-.3 4.38-.84l.42.42L19.73 22 21 20.73 3.27 3 2 4.27zM7.53 9.8l1.55 1.55c-.05.21-.08.43-.08.65 0 1.66 1.34 3 3 3 .22 0 .44-.03.65-.08l1.55 1.55c-.67.33-1.41.53-2.2.53-2.76 0-5-2.24-5-5 0-.79.2-1.53.53-2.2zm4.31-.78l3.15 3.15.02-.16c0-1.66-1.34-3-3-3l-.17.01z"
                    />
                  </svg>
                </span>
              </button>
            </div>
          </div>
          <div
            id="errorMessage"
          />
        </div>
      </div>
    </div>
    <div
      id="input_components__color_button"
    >
      <button
        className="MuiButtonBase-root MuiButton-root WithStyles(ForwardRef(Button))-root-72 MuiButton-contained MuiButton-containedPrimary"
        disabled={false}
        id="color_button"
        onBlur={[Function]}
        onClick={[Function]}
        onDragLeave={[Function]}
        onFocus={[Function]}
        onKeyDown={[Function]}
        onKeyUp={[Function]}
        onMouseDown={[Function]}
        onMouseLeave={[Function]}
        onMouseUp={[Function]}
        onTouchEnd={[Function]}
        onTouchMove={[Function]}
        onTouchStart={[Function]}
        tabIndex={0}
        type="button"
      >
        <span
          className="MuiButton-label"
        >
          Sign up
        </span>
      </button>
    </div>
    <div
      id="input_components__footer__sign_in"
    >
      I already have an account.
      <a
        className="MuiTypography-root MuiLink-root WithStyles(ForwardRef(Link))-root-102 MuiLink-underlineHover MuiTypography-colorPrimary"
        href="/login"
        onBlur={[Function]}
        onClick={[Function]}
        onFocus={[Function]}
      >
        Sign In
      </a>
    </div>
    <div
      id="input_components__footer__agreements"
    >
      <div>
        By accessing your account, you agree to our
      </div>
      <div
        id="agreements__links"
      >
        <a
          className="MuiTypography-root MuiLink-root WithStyles(ForwardRef(Link))-root-102 MuiLink-underlineHover agreements__links__item MuiTypography-colorPrimary"
          href="/#"
          id="item__terms_conditions"
          onBlur={[Function]}
          onFocus={[Function]}
        >
          Terms conditions
        </a>
        <div
          className="agreements__links__item"
        >
           and 
        </div>
        <a
          className="MuiTypography-root MuiLink-root WithStyles(ForwardRef(Link))-root-102 MuiLink-underlineHover agreements__links__item MuiTypography-colorPrimary"
          href="/#"
          id="item__privacy_policy"
          onBlur={[Function]}
          onFocus={[Function]}
        >
          Privacy Policy
        </a>
      </div>
    </div>
  </div>
</div>
`;
